../Core/Src/main.c:99:6:LedTask	24	static
../Core/Src/main.c:109:6:Uart1Task	176	static
../Core/Src/main.c:180:5:main	8	static
../Core/Src/main.c:285:6:SystemClock_Config	88	static
../Core/Src/main.c:331:13:MX_SPI1_Init	8	static
../Core/Src/main.c:369:13:MX_USART1_UART_Init	8	static
../Core/Src/main.c:405:13:MX_USART6_UART_Init	8	static
../Core/Src/main.c:438:13:MX_GPIO_Init	40	static
../Core/Src/main.c:484:6:StartDefaultTask	16	static
../Core/Src/main.c:505:6:HAL_TIM_PeriodElapsedCallback	16	static
../Core/Src/main.c:522:6:Error_Handler	4	static,ignoring_inline_asm
